// Jest Snapshot v1, https://goo.gl/fbAQLP

exports[`CustomCard.vue should have a custom title and match snapshot 1`] = `
<v-card>
  <v-card-title><span>Foobar</span>
    <v-spacer></v-spacer>
    <v-btn>Action</v-btn>
  </v-card-title>
  <v-card-text></v-card-text>
</v-card>
`;
